2026-07-29 00:21:34 - PipeBridge - INFO - PipeBridge 服务启动
2026-07-29 00:21:34 - PipeBridge - INFO - 启动自检和修复...
2026-07-29 00:21:34 - PipeBridge - INFO - 已启动 D-Bus 会话总线: /run/user/0/bus
2026-07-29 00:21:34 - PipeBridge - DEBUG - PW 环境: XDG=/run/user/0, DBUS_SESSION=unix:path=/run/user/0/bus, DBUS_SYSTEM=unix:path=/var/run/dbus/system_bus_socket
2026-07-29 00:21:34 - PipeBridge - INFO - 音频服务未运行或 socket 缺失，尝试启动 PipeWire...
2026-07-29 00:21:34 - PipeBridge - INFO - 蓝牙服务已运行
2026-07-29 00:21:34 - PipeBridge - DEBUG - GLib 主循环已启动，D-Bus Agent 方法调用可正常派发
2026-07-29 00:21:34 - PipeBridge - INFO - 持久蓝牙 Agent 已注册，可处理入站连接
2026-07-29 00:21:34 - PipeBridge - INFO - 启动自检完成，耗时 0.05s（后台任务继续）
2026-07-29 00:21:34 - PipeBridge - INFO - FastAPI 服务监听 0.0.0.0:33001
2026-07-29 00:21:34 - asyncio - DEBUG - Using selector: EpollSelector
2026-07-29 00:21:34 - PipeBridge - INFO - pw-dump 执行失败: returncode=255, stderr=''
2026-07-29 00:21:34 - PipeBridge - DEBUG - PipeWire/WirePlumber 未运行，开始配置...
2026-07-29 00:21:34 - PipeBridge - WARNING - PipeWire 诊断: 进程存活=False, 进程详情=(无)
2026-07-29 00:21:34 - PipeBridge - DEBUG - 启动 pipewire...
2026-07-29 00:21:34 - PipeBridge - WARNING - WirePlumber 诊断: 进程存活=False, 进程详情=(无)
2026-07-29 00:21:34 - PipeBridge - WARNING - PipeWire socket 诊断: 路径=/run/user/0/pipewire-0, 权限=srwxr-xr-x, uid=0, gid=0
2026-07-29 00:21:34 - PipeBridge - WARNING - WirePlumber 蓝牙配置文件存在但 MediaEndpoint1 未注册，需重启 WirePlumber 使配置生效
2026-07-29 00:21:34 - PipeBridge - INFO - WirePlumber 蓝牙配置已创建: /etc/wireplumber/wireplumber.conf.d/51-pipebridge-bluez.conf
2026-07-29 00:21:34 - PipeBridge - WARNING - 检测到 2 个活跃音频链接，但蓝牙音频端点未注册，仍重启 WirePlumber 使蓝牙配置生效
2026-07-29 00:21:36 - PipeBridge - DEBUG - 启动 wireplumber...
2026-07-29 00:21:36 - PipeBridge - DEBUG - 获取蓝牙状态
2026-07-29 00:21:36 - PipeBridge - DEBUG - 获取视频设备列表
2026-07-29 00:21:36 - PipeBridge - INFO - 已重建默认配置文件: /usr/local/apps/@appconf/PipeBridge/pipebridge.conf
2026-07-29 00:21:36 - PipeBridge - DEBUG - 获取系统概览
2026-07-29 00:21:36 - PipeBridge - DEBUG - SSE 订阅者已注册，当前订阅者数: 1
2026-07-29 00:21:36 - PipeBridge - DEBUG - DRM card1-DSI-1: w=376 h=960 fps=0.0 pf=RGB
2026-07-29 00:21:36 - PipeBridge - DEBUG - 扫描视频设备完成: 1 个 (PipeWire: 0, DRM: 1)
2026-07-29 00:21:36 - PipeBridge - INFO - 蓝牙服务运行中但适配器未上电，自动上电...
2026-07-29 00:21:36 - PipeBridge - WARNING - PipeWire 不可用，无法获取音频设备
2026-07-29 00:21:36 - PipeBridge - DEBUG - 获取所有依赖状态...
2026-07-29 00:21:36 - PipeBridge - INFO - pipewire 启动成功，socket 已创建
2026-07-29 00:21:36 - PipeBridge - WARNING - PipeWire 不可用，无法获取音频设备
2026-07-29 00:21:36 - PipeBridge - DEBUG - 启动 pipewire-pulse...
2026-07-29 00:21:39 - PipeBridge - DEBUG - PipeWire 服务启动成功
2026-07-29 00:21:39 - PipeBridge - INFO - PipeWire 启动成功
2026-07-29 00:21:41 - PipeBridge - WARNING - 蓝牙音频就绪检查超时，跳过
2026-07-29 00:21:43 - PipeBridge - WARNING - 适配器上电失败: org.bluez.Error.Failed: Authentication Failed
2026-07-29 00:21:43 - PipeBridge - DEBUG - 蓝牙自动重连监控已启动
2026-07-29 00:21:43 - PipeBridge - WARNING - hciconfig 状态: hci0:	Type: Primary  Bus: USB
	BD Address: 04:7F:0E:90:11:01  ACL MTU: 1021:9  SCO MTU: 255:4
	DOWN 
	RX bytes:670 acl:0 sco:0 events:41 errors:0
	TX bytes:418 acl:0 sco:0 commands:43 errors:0
	Features: 0xbf 0xee 0xcd 0xfe 0xdb 0xff 0x7b 0x87
	Packet type: DM1 DM3 DM5 DH1 DH3 DH5 HV1 HV3 
	Link pol
2026-07-29 00:21:43 - PipeBridge - WARNING - 内核蓝牙日志: [  282.196276] Bluetooth: BNEP filters: protocol multicast
[  282.196281] Bluetooth: BNEP socket layer initialized
[  282.197781] Bluetooth: MGMT ver 1.23
[  287.559780] usb 1-2.2: reset full-speed USB device number 3 using xhci_hcd
[  289.699526] Bluetooth: hci0: Opcode 0x0c03 failed: -110
[  304.343559] Bluetooth: RFCOMM TTY layer initialized
[  304.343568] Bluetooth: RFCOMM socket layer initialized
[  304.343574] Bluetooth: RFCOMM ver 1.11
[  309.583038] usb 1-2.2: reset full-speed USB device
2026-07-29 00:21:43 - PipeBridge - DEBUG - 蓝牙状态: service_running
2026-07-29 00:21:44 - PipeBridge - DEBUG - pw-dump 返回 51 个对象
2026-07-29 00:21:44 - PipeBridge - INFO - WirePlumber 重启后蓝牙音频就绪
2026-07-29 00:21:44 - PipeBridge - DEBUG - 静音蜂鸣器失败: name 'extract_pw_vol_params' is not defined
2026-07-29 00:21:44 - PipeBridge - INFO - 默认设备检测: sink='Built-in', source=''
2026-07-29 00:21:44 - PipeBridge - INFO - PipeWire 发现 1 个 Audio/Sink
2026-07-29 00:21:44 - PipeBridge - INFO - [PW] alsa_output.platform-pcspkr.mono-fallback: type=beeper, vol=40%, muted=False, rate=37286, fmt='', ch=1, ports=1, active_port='analog-output'
2026-07-29 00:21:44 - PipeBridge - INFO - 音频设备总计: 1 个 (Sink: 1, Source: 0)
2026-07-29 00:21:44 - PipeBridge - DEBUG - 蓝牙周期保活已启动 (间隔 60s)
2026-07-29 00:21:48 - PipeBridge - DEBUG - 获取蓝牙状态
2026-07-29 00:21:48 - PipeBridge - INFO - 蓝牙服务运行中但适配器未上电，自动上电...
2026-07-29 00:21:50 - PipeBridge - WARNING - 适配器上电失败: org.bluez.Error.Failed: Authentication Failed
2026-07-29 00:21:50 - PipeBridge - WARNING - hciconfig 状态: hci0:	Type: Primary  Bus: USB
	BD Address: 04:7F:0E:90:11:01  ACL MTU: 1021:9  SCO MTU: 255:4
	DOWN 
	RX bytes:670 acl:0 sco:0 events:41 errors:0
	TX bytes:418 acl:0 sco:0 commands:45 errors:0
	Features: 0xbf 0xee 0xcd 0xfe 0xdb 0xff 0x7b 0x87
	Packet type: DM1 DM3 DM5 DH1 DH3 DH5 HV1 HV3 
	Link pol
2026-07-29 00:21:50 - PipeBridge - WARNING - 内核蓝牙日志: [  282.197781] Bluetooth: MGMT ver 1.23
[  287.559780] usb 1-2.2: reset full-speed USB device number 3 using xhci_hcd
[  289.699526] Bluetooth: hci0: Opcode 0x0c03 failed: -110
[  304.343559] Bluetooth: RFCOMM TTY layer initialized
[  304.343568] Bluetooth: RFCOMM socket layer initialized
[  304.343574] Bluetooth: RFCOMM ver 1.11
[  309.583038] usb 1-2.2: reset full-speed USB device number 3 using xhci_hcd
[  311.714993] Bluetooth: hci0: Opcode 0x0c03 failed: -110
[  316.067011] Bluetooth: hci0:
2026-07-29 00:21:50 - PipeBridge - DEBUG - 蓝牙状态: service_running
2026-07-29 00:22:45 - PipeBridge - DEBUG - pw-dump 返回 51 个对象
2026-07-29 00:23:45 - PipeBridge - DEBUG - pw-dump 返回 51 个对象
